---
source: src/strucvars/data/gnomad/io.rs
expression: "&genes[0..5]"
---
- ensembl_gene_id: ENSG00000004059
  entrez_id: "381"
  gene_symbol: ARF5
  exp_lof: 9.0614
  exp_mis: 104.51
  exp_syn: 42.345
  mis_z: 2.2772
  obs_lof: 0
  obs_mis: 39
  obs_syn: 37
  oe_lof: 0
  oe_lof_lower: 0
  oe_lof_upper: 0.33
  oe_mis: 0.37316
  oe_mis_lower: 0.288
  oe_mis_upper: 0.487
  oe_syn: 0.87377
  oe_syn_lower: 0.671
  oe_syn_upper: 1.149
  pli: 0.94298
  syn_z: 0.6457
  exac_pli: 0.234
  exac_obs_lof: 2
  exac_exp_lof: 7.0385
  exac_oe_lof: 0.28415
- ensembl_gene_id: ENSG00000003056
  entrez_id: "4074"
  gene_symbol: M6PR
  exp_lof: 15.53
  exp_mis: 155.34
  exp_syn: 57.136
  mis_z: 0.97915
  obs_lof: 6
  obs_mis: 121
  obs_syn: 47
  oe_lof: 0.38635
  oe_lof_lower: 0.211
  oe_lof_upper: 0.763
  oe_mis: 0.77893
  oe_mis_lower: 0.671
  oe_mis_upper: 0.906
  oe_syn: 0.8226
  oe_syn_lower: 0.65
  oe_syn_upper: 1.049
  pli: 0.0092215
  syn_z: 1.0541
  exac_pli: 0.71303
  exac_obs_lof: 2
  exac_exp_lof: 12.531
  exac_oe_lof: 0.15961
- ensembl_gene_id: ENSG00000004478
  entrez_id: "2288"
  gene_symbol: FKBP4
  exp_lof: 23.481
  exp_mis: 250.85
  exp_syn: 95.792
  mis_z: 1.2082
  obs_lof: 6
  obs_mis: 197
  obs_syn: 109
  oe_lof: 0.25553
  oe_lof_lower: 0.139
  oe_lof_upper: 0.504
  oe_mis: 0.78533
  oe_mis_lower: 0.698
  oe_mis_upper: 0.884
  oe_syn: 1.1379
  oe_syn_lower: 0.973
  oe_syn_upper: 1.334
  pli: 0.15539
  syn_z: -1.0608
  exac_pli: 0.92747
  exac_obs_lof: 2
  exac_exp_lof: 16.906
  exac_oe_lof: 0.1183
- ensembl_gene_id: ENSG00000003137
  entrez_id: "56603"
  gene_symbol: CYP26B1
  exp_lof: 16.349
  exp_mis: 328.51
  exp_syn: 150.65
  mis_z: 1.0492
  obs_lof: 1
  obs_mis: 275
  obs_syn: 161
  oe_lof: 0.061167
  oe_lof_lower: 0.021
  oe_lof_upper: 0.29
  oe_mis: 0.83711
  oe_mis_lower: 0.758
  oe_mis_upper: 0.925
  oe_syn: 1.0687
  oe_syn_lower: 0.939
  oe_syn_upper: 1.218
  pli: 0.97987
  syn_z: -0.66253
  exac_pli: 0.95435
  exac_obs_lof: 0
  exac_exp_lof: 9.4081
  exac_oe_lof: 0
- ensembl_gene_id: ENSG00000003509
  entrez_id: "55471"
  gene_symbol: NDUFAF7
  exp_lof: 23.494
  exp_mis: 237.41
  exp_syn: 85.64
  mis_z: -1.0514
  obs_lof: 27
  obs_mis: 283
  obs_syn: 100
  oe_lof: 1.1492
  oe_lof_lower: 0.846
  oe_lof_upper: 1.582
  oe_mis: 1.192
  oe_mis_lower: 1.081
  oe_mis_upper: 1.315
  oe_syn: 1.1677
  oe_syn_lower: 0.992
  oe_syn_upper: 1.379
  pli: 0.00000000000000000010818
  syn_z: -1.2198
  exac_pli: 0.000000000011773
  exac_obs_lof: 17
  exac_exp_lof: 17.154
  exac_oe_lof: 0.99105

