---
source: src/strucvars/data/gnomad/mod.rs
expression: "&records[0..5]"
---
- hgnc_id: "HGNC:658"
  pli: 0.94298
  oe_lof_upper: 0.33
- hgnc_id: "HGNC:6752"
  pli: 0.0092215
  oe_lof_upper: 0.763
- hgnc_id: "HGNC:3720"
  pli: 0.15539
  oe_lof_upper: 0.504
- hgnc_id: "HGNC:20581"
  pli: 0.97987
  oe_lof_upper: 0.29
- hgnc_id: "HGNC:28816"
  pli: 0.00000000000000000010818
  oe_lof_upper: 1.582

